// Jest Snapshot v1, https://goo.gl/fbAQLP

exports[`Page content is preserved 1`] = `
<BrowserRouter
  basename=""
>
  <Layout
    allContent={
      Object {
        "homeContent": Object {
          "article": "Opening of bxbot. This website is a demo of ReactJS and netcore 2.1, and includes a Google Chart based crypto-currency trend and simple analysis. This website is my training material and might not work as you expect. Use it for education purpose, not as a trading tool.",
          "articleTitle": "Latest news - 2018-10-14",
        },
        "navigationMenuContent": Object {
          "about": "About",
          "candleChart": "Candle Chart",
          "cryptoCurrency": "Crypto-currency",
          "home": "Home",
          "websiteName": "bxbot",
        },
      }
    }
  >
    <Route
      component={[Function]}
      exact={true}
      path="/"
    />
    <Route
      component={[Function]}
      path="/candle"
    />
  </Layout>
</BrowserRouter>
`;
