// Jest Snapshot v1, https://goo.gl/fbAQLP

exports[`CandleChartPage should draw chart 1`] = `
<div>
  <h1>
    BTC on bx.in.th
  </h1>
  <div
    id="candle_div"
  />
  <p>
    <em>
      Loading...
    </em>
  </p>
</div>
`;

exports[`CandleChartPage should match snapshot 1`] = `
<div>
  <h1>
    BTC on bx.in.th
  </h1>
  <div
    id="candle_div"
  />
  <p>
    <em>
      Loading...
    </em>
  </p>
</div>
`;
